[     141ms] [INFO] %cDownload the React DevTools for a better development experience: https://react.dev/link/react-devtools font-weight:bold @ http://localhost:3000/node_modules/.vite/deps/react-dom_client.js?v=0c32d791:14335
[     154ms] [WARNING] [tanstack-router] These exports from "/home/ardam/ws/arda/navidrome-replacement/web/src/routes/radio/index.tsx" will not be code-split and will increase your bundle size:
- RadioPage
For the best optimization, these items should either have their export statements removed, or be imported from another location that is not a route file. @ http://localhost:3000/src/routes/__root.tsx?t=1783074639750:195
[     154ms] [WARNING] [tanstack-router] These exports from "/home/ardam/ws/arda/navidrome-replacement/web/src/routes/playlists/index.tsx" will not be code-split and will increase your bundle size:
- PlaylistsPage
For the best optimization, these items should either have their export statements removed, or be imported from another location that is not a route file. @ http://localhost:3000/src/routes/__root.tsx?t=1783074639750:195
[     155ms] [WARNING] [tanstack-router] These exports from "/home/ardam/ws/arda/navidrome-replacement/web/src/routes/library/tracks/index.tsx" will not be code-split and will increase your bundle size:
- TracksPage
For the best optimization, these items should either have their export statements removed, or be imported from another location that is not a route file. @ http://localhost:3000/src/routes/__root.tsx?t=1783074639750:195
[     155ms] [WARNING] [tanstack-router] These exports from "/home/ardam/ws/arda/navidrome-replacement/web/src/routes/library/genres/index.tsx" will not be code-split and will increase your bundle size:
- GenresPage
For the best optimization, these items should either have their export statements removed, or be imported from another location that is not a route file. @ http://localhost:3000/src/routes/__root.tsx?t=1783074639750:195
[   18061ms] [INFO] %cDownload the React DevTools for a better development experience: https://react.dev/link/react-devtools font-weight:bold @ http://localhost:3000/node_modules/.vite/deps/react-dom_client.js?v=0c32d791:14335
[   18070ms] [WARNING] [tanstack-router] These exports from "/home/ardam/ws/arda/navidrome-replacement/web/src/routes/radio/index.tsx" will not be code-split and will increase your bundle size:
- RadioPage
For the best optimization, these items should either have their export statements removed, or be imported from another location that is not a route file. @ http://localhost:3000/src/routes/__root.tsx?t=1783074639750:195
[   18071ms] [WARNING] [tanstack-router] These exports from "/home/ardam/ws/arda/navidrome-replacement/web/src/routes/playlists/index.tsx" will not be code-split and will increase your bundle size:
- PlaylistsPage
For the best optimization, these items should either have their export statements removed, or be imported from another location that is not a route file. @ http://localhost:3000/src/routes/__root.tsx?t=1783074639750:195
[   18071ms] [WARNING] [tanstack-router] These exports from "/home/ardam/ws/arda/navidrome-replacement/web/src/routes/library/tracks/index.tsx" will not be code-split and will increase your bundle size:
- TracksPage
For the best optimization, these items should either have their export statements removed, or be imported from another location that is not a route file. @ http://localhost:3000/src/routes/__root.tsx?t=1783074639750:195
[   18071ms] [WARNING] [tanstack-router] These exports from "/home/ardam/ws/arda/navidrome-replacement/web/src/routes/library/genres/index.tsx" will not be code-split and will increase your bundle size:
- GenresPage
For the best optimization, these items should either have their export statements removed, or be imported from another location that is not a route file. @ http://localhost:3000/src/routes/__root.tsx?t=1783074639750:195
[   22507ms] [INFO] %cDownload the React DevTools for a better development experience: https://react.dev/link/react-devtools font-weight:bold @ http://localhost:3000/node_modules/.vite/deps/react-dom_client.js?v=0c32d791:14335
[   22516ms] [WARNING] [tanstack-router] These exports from "/home/ardam/ws/arda/navidrome-replacement/web/src/routes/radio/index.tsx" will not be code-split and will increase your bundle size:
- RadioPage
For the best optimization, these items should either have their export statements removed, or be imported from another location that is not a route file. @ http://localhost:3000/src/routes/__root.tsx?t=1783074639750:195
[   22516ms] [WARNING] [tanstack-router] These exports from "/home/ardam/ws/arda/navidrome-replacement/web/src/routes/playlists/index.tsx" will not be code-split and will increase your bundle size:
- PlaylistsPage
For the best optimization, these items should either have their export statements removed, or be imported from another location that is not a route file. @ http://localhost:3000/src/routes/__root.tsx?t=1783074639750:195
[   22516ms] [WARNING] [tanstack-router] These exports from "/home/ardam/ws/arda/navidrome-replacement/web/src/routes/library/tracks/index.tsx" will not be code-split and will increase your bundle size:
- TracksPage
For the best optimization, these items should either have their export statements removed, or be imported from another location that is not a route file. @ http://localhost:3000/src/routes/__root.tsx?t=1783074639750:195
[   22517ms] [WARNING] [tanstack-router] These exports from "/home/ardam/ws/arda/navidrome-replacement/web/src/routes/library/genres/index.tsx" will not be code-split and will increase your bundle size:
- GenresPage
For the best optimization, these items should either have their export statements removed, or be imported from another location that is not a route file. @ http://localhost:3000/src/routes/__root.tsx?t=1783074639750:195
[   34845ms] [INFO] %cDownload the React DevTools for a better development experience: https://react.dev/link/react-devtools font-weight:bold @ http://localhost:3000/node_modules/.vite/deps/react-dom_client.js?v=0c32d791:14335
[   34854ms] [WARNING] [tanstack-router] These exports from "/home/ardam/ws/arda/navidrome-replacement/web/src/routes/radio/index.tsx" will not be code-split and will increase your bundle size:
- RadioPage
For the best optimization, these items should either have their export statements removed, or be imported from another location that is not a route file. @ http://localhost:3000/src/routes/__root.tsx?t=1783074639750:195
[   34854ms] [WARNING] [tanstack-router] These exports from "/home/ardam/ws/arda/navidrome-replacement/web/src/routes/playlists/index.tsx" will not be code-split and will increase your bundle size:
- PlaylistsPage
For the best optimization, these items should either have their export statements removed, or be imported from another location that is not a route file. @ http://localhost:3000/src/routes/__root.tsx?t=1783074639750:195
[   34855ms] [WARNING] [tanstack-router] These exports from "/home/ardam/ws/arda/navidrome-replacement/web/src/routes/library/tracks/index.tsx" will not be code-split and will increase your bundle size:
- TracksPage
For the best optimization, these items should either have their export statements removed, or be imported from another location that is not a route file. @ http://localhost:3000/src/routes/__root.tsx?t=1783074639750:195
[   34855ms] [WARNING] [tanstack-router] These exports from "/home/ardam/ws/arda/navidrome-replacement/web/src/routes/library/genres/index.tsx" will not be code-split and will increase your bundle size:
- GenresPage
For the best optimization, these items should either have their export statements removed, or be imported from another location that is not a route file. @ http://localhost:3000/src/routes/__root.tsx?t=1783074639750:195
[   56132ms] [INFO] %cDownload the React DevTools for a better development experience: https://react.dev/link/react-devtools font-weight:bold @ http://localhost:3000/node_modules/.vite/deps/react-dom_client.js?v=0c32d791:14335
[   56143ms] [WARNING] [tanstack-router] These exports from "/home/ardam/ws/arda/navidrome-replacement/web/src/routes/radio/index.tsx" will not be code-split and will increase your bundle size:
- RadioPage
For the best optimization, these items should either have their export statements removed, or be imported from another location that is not a route file. @ http://localhost:3000/src/routes/__root.tsx?t=1783074639750:195
[   56143ms] [WARNING] [tanstack-router] These exports from "/home/ardam/ws/arda/navidrome-replacement/web/src/routes/playlists/index.tsx" will not be code-split and will increase your bundle size:
- PlaylistsPage
For the best optimization, these items should either have their export statements removed, or be imported from another location that is not a route file. @ http://localhost:3000/src/routes/__root.tsx?t=1783074639750:195
[   56143ms] [WARNING] [tanstack-router] These exports from "/home/ardam/ws/arda/navidrome-replacement/web/src/routes/library/tracks/index.tsx" will not be code-split and will increase your bundle size:
- TracksPage
For the best optimization, these items should either have their export statements removed, or be imported from another location that is not a route file. @ http://localhost:3000/src/routes/__root.tsx?t=1783074639750:195
[   56143ms] [WARNING] [tanstack-router] These exports from "/home/ardam/ws/arda/navidrome-replacement/web/src/routes/library/genres/index.tsx" will not be code-split and will increase your bundle size:
- GenresPage
For the best optimization, these items should either have their export statements removed, or be imported from another location that is not a route file. @ http://localhost:3000/src/routes/__root.tsx?t=1783074639750:195
[   73034ms] [INFO] %cDownload the React DevTools for a better development experience: https://react.dev/link/react-devtools font-weight:bold @ http://localhost:3000/node_modules/.vite/deps/react-dom_client.js?v=0c32d791:14335
[   73043ms] [WARNING] [tanstack-router] These exports from "/home/ardam/ws/arda/navidrome-replacement/web/src/routes/radio/index.tsx" will not be code-split and will increase your bundle size:
- RadioPage
For the best optimization, these items should either have their export statements removed, or be imported from another location that is not a route file. @ http://localhost:3000/src/routes/__root.tsx?t=1783074639750:195
[   73043ms] [WARNING] [tanstack-router] These exports from "/home/ardam/ws/arda/navidrome-replacement/web/src/routes/playlists/index.tsx" will not be code-split and will increase your bundle size:
- PlaylistsPage
For the best optimization, these items should either have their export statements removed, or be imported from another location that is not a route file. @ http://localhost:3000/src/routes/__root.tsx?t=1783074639750:195
[   73044ms] [WARNING] [tanstack-router] These exports from "/home/ardam/ws/arda/navidrome-replacement/web/src/routes/library/tracks/index.tsx" will not be code-split and will increase your bundle size:
- TracksPage
For the best optimization, these items should either have their export statements removed, or be imported from another location that is not a route file. @ http://localhost:3000/src/routes/__root.tsx?t=1783074639750:195
[   73044ms] [WARNING] [tanstack-router] These exports from "/home/ardam/ws/arda/navidrome-replacement/web/src/routes/library/genres/index.tsx" will not be code-split and will increase your bundle size:
- GenresPage
For the best optimization, these items should either have their export statements removed, or be imported from another location that is not a route file. @ http://localhost:3000/src/routes/__root.tsx?t=1783074639750:195
